Archive member included to satisfy reference by file (symbol)

C:/ST/STM32CubeIDE_1.18.1/STM32CubeIDE/plugins/com.st.stm32cube.ide.mcu.externaltools.gnu-tools-for-stm32.13.3.rel1.win32_1.0.0.202411081344/tools/bin/../lib/gcc/arm-none-eabi/13.3.1/../../../../arm-none-eabi/lib/thumb/v7e-m+fp/hard\libc_nano.a(libc_a-exit.o)
                              C:/ST/STM32CubeIDE_1.18.1/STM32CubeIDE/plugins/com.st.stm32cube.ide.mcu.externaltools.gnu-tools-for-stm32.13.3.rel1.win32_1.0.0.202411081344/tools/bin/../lib/gcc/arm-none-eabi/13.3.1/../../../../arm-none-eabi/lib/thumb/v7e-m+fp/hard/crt0.o (exit)
C:/ST/STM32CubeIDE_1.18.1/STM32CubeIDE/plugins/com.st.stm32cube.ide.mcu.externaltools.gnu-tools-for-stm32.13.3.rel1.win32_1.0.0.202411081344/tools/bin/../lib/gcc/arm-none-eabi/13.3.1/../../../../arm-none-eabi/lib/thumb/v7e-m+fp/hard\libc_nano.a(libc_a-findfp.o)
                              C:/ST/STM32CubeIDE_1.18.1/STM32CubeIDE/plugins/com.st.stm32cube.ide.mcu.externaltools.gnu-tools-for-stm32.13.3.rel1.win32_1.0.0.202411081344/tools/bin/../lib/gcc/arm-none-eabi/13.3.1/../../../../arm-none-eabi/lib/thumb/v7e-m+fp/hard\libc_nano.a(libc_a-exit.o) (__stdio_exit_handler)
C:/ST/STM32CubeIDE_1.18.1/STM32CubeIDE/plugins/com.st.stm32cube.ide.mcu.externaltools.gnu-tools-for-stm32.13.3.rel1.win32_1.0.0.202411081344/tools/bin/../lib/gcc/arm-none-eabi/13.3.1/../../../../arm-none-eabi/lib/thumb/v7e-m+fp/hard\libc_nano.a(libc_a-fwalk.o)
                              C:/ST/STM32CubeIDE_1.18.1/STM32CubeIDE/plugins/com.st.stm32cube.ide.mcu.externaltools.gnu-tools-for-stm32.13.3.rel1.win32_1.0.0.202411081344/tools/bin/../lib/gcc/arm-none-eabi/13.3.1/../../../../arm-none-eabi/lib/thumb/v7e-m+fp/hard\libc_nano.a(libc_a-findfp.o) (_fwalk_sglue)
C:/ST/STM32CubeIDE_1.18.1/STM32CubeIDE/plugins/com.st.stm32cube.ide.mcu.externaltools.gnu-tools-for-stm32.13.3.rel1.win32_1.0.0.202411081344/tools/bin/../lib/gcc/arm-none-eabi/13.3.1/../../../../arm-none-eabi/lib/thumb/v7e-m+fp/hard\libc_nano.a(libc_a-sprintf.o)
                              ./Src/lis3dsh_test.o (sprintf)
C:/ST/STM32CubeIDE_1.18.1/STM32CubeIDE/plugins/com.st.stm32cube.ide.mcu.externaltools.gnu-tools-for-stm32.13.3.rel1.win32_1.0.0.202411081344/tools/bin/../lib/gcc/arm-none-eabi/13.3.1/../../../../arm-none-eabi/lib/thumb/v7e-m+fp/hard\libc_nano.a(libc_a-stdio.o)
                              C:/ST/STM32CubeIDE_1.18.1/STM32CubeIDE/plugins/com.st.stm32cube.ide.mcu.externaltools.gnu-tools-for-stm32.13.3.rel1.win32_1.0.0.202411081344/tools/bin/../lib/gcc/arm-none-eabi/13.3.1/../../../../arm-none-eabi/lib/thumb/v7e-m+fp/hard\libc_nano.a(libc_a-findfp.o) (__sread)
C:/ST/STM32CubeIDE_1.18.1/STM32CubeIDE/plugins/com.st.stm32cube.ide.mcu.externaltools.gnu-tools-for-stm32.13.3.rel1.win32_1.0.0.202411081344/tools/bin/../lib/gcc/arm-none-eabi/13.3.1/../../../../arm-none-eabi/lib/thumb/v7e-m+fp/hard\libc_nano.a(libc_a-memset.o)
                              C:/ST/STM32CubeIDE_1.18.1/STM32CubeIDE/plugins/com.st.stm32cube.ide.mcu.externaltools.gnu-tools-for-stm32.13.3.rel1.win32_1.0.0.202411081344/tools/bin/../lib/gcc/arm-none-eabi/13.3.1/../../../../arm-none-eabi/lib/thumb/v7e-m+fp/hard/crt0.o (memset)
C:/ST/STM32CubeIDE_1.18.1/STM32CubeIDE/plugins/com.st.stm32cube.ide.mcu.externaltools.gnu-tools-for-stm32.13.3.rel1.win32_1.0.0.202411081344/tools/bin/../lib/gcc/arm-none-eabi/13.3.1/../../../../arm-none-eabi/lib/thumb/v7e-m+fp/hard\libc_nano.a(libc_a-closer.o)
                              C:/ST/STM32CubeIDE_1.18.1/STM32CubeIDE/plugins/com.st.stm32cube.ide.mcu.externaltools.gnu-tools-for-stm32.13.3.rel1.win32_1.0.0.202411081344/tools/bin/../lib/gcc/arm-none-eabi/13.3.1/../../../../arm-none-eabi/lib/thumb/v7e-m+fp/hard\libc_nano.a(libc_a-stdio.o) (_close_r)
C:/ST/STM32CubeIDE_1.18.1/STM32CubeIDE/plugins/com.st.stm32cube.ide.mcu.externaltools.gnu-tools-for-stm32.13.3.rel1.win32_1.0.0.202411081344/tools/bin/../lib/gcc/arm-none-eabi/13.3.1/../../../../arm-none-eabi/lib/thumb/v7e-m+fp/hard\libc_nano.a(libc_a-reent.o)
                              C:/ST/STM32CubeIDE_1.18.1/STM32CubeIDE/plugins/com.st.stm32cube.ide.mcu.externaltools.gnu-tools-for-stm32.13.3.rel1.win32_1.0.0.202411081344/tools/bin/../lib/gcc/arm-none-eabi/13.3.1/../../../../arm-none-eabi/lib/thumb/v7e-m+fp/hard\libc_nano.a(libc_a-closer.o) (errno)
C:/ST/STM32CubeIDE_1.18.1/STM32CubeIDE/plugins/com.st.stm32cube.ide.mcu.externaltools.gnu-tools-for-stm32.13.3.rel1.win32_1.0.0.202411081344/tools/bin/../lib/gcc/arm-none-eabi/13.3.1/../../../../arm-none-eabi/lib/thumb/v7e-m+fp/hard\libc_nano.a(libc_a-impure.o)
                              C:/ST/STM32CubeIDE_1.18.1/STM32CubeIDE/plugins/com.st.stm32cube.ide.mcu.externaltools.gnu-tools-for-stm32.13.3.rel1.win32_1.0.0.202411081344/tools/bin/../lib/gcc/arm-none-eabi/13.3.1/../../../../arm-none-eabi/lib/thumb/v7e-m+fp/hard\libc_nano.a(libc_a-sprintf.o) (_impure_ptr)
[...]
Memory Configuration

Name             Origin             Length             Attributes
CCMRAM           0x10000000         0x00010000         xrw
RAM              0x20000000         0x00020000         xrw
FLASH            0x08000000         0x00100000         xr
*default*        0x00000000         0xffffffff

Linker script and memory map

LOAD C:/ST/STM32CubeIDE_1.18.1/STM32CubeIDE/plugins/com.st.stm32cube.ide.mcu.externaltools.gnu-tools-for-stm32.13.3.rel1.win32_1.0.0.202411081344/tools/bin/../lib/gcc/arm-none-eabi/13.3.1/thumb/v7e-m+fp/hard/crti.o
LOAD C:/ST/STM32CubeIDE_1.18.1/STM32CubeIDE/plugins/com.st.stm32cube.ide.mcu.externaltools.gnu-tools-for-stm32.13.3.rel1.win32_1.0.0.202411081344/tools/bin/../lib/gcc/arm-none-eabi/13.3.1/thumb/v7e-m+fp/hard/crtbegin.o
LOAD C:/ST/STM32CubeIDE_1.18.1/STM32CubeIDE/plugins/com.st.stm32cube.ide.mcu.externaltools.gnu-tools-for-stm32.13.3.rel1.win32_1.0.0.202411081344/tools/bin/../lib/gcc/arm-none-eabi/13.3.1/../../../../arm-none-eabi/lib/thumb/v7e-m+fp/hard/crt0.o
LOAD ./Drivers/Src/exti.o
LOAD ./Drivers/Src/gpio.o
LOAD ./Drivers/Src/lis3dsh.o
LOAD ./Drivers/Src/rcc.o
LOAD ./Drivers/Src/spi.o
LOAD ./Drivers/Src/usart.o
LOAD ./Src/lis3dsh_test.o
LOAD ./Src/syscalls.o
LOAD ./Src/sysmem.o
LOAD ./Startup/startup_stm32f407vgtx.o
START GROUP
LOAD C:/ST/STM32CubeIDE_1.18.1/STM32CubeIDE/plugins/com.st.stm32cube.ide.mcu.externaltools.gnu-tools-for-stm32.13.3.rel1.win32_1.0.0.202411081344/tools/bin/../lib/gcc/arm-none-eabi/13.3.1/../../../../arm-none-eabi/lib/thumb/v7e-m+fp/hard\libc_nano.a
LOAD C:/ST/STM32CubeIDE_1.18.1/STM32CubeIDE/plugins/com.st.stm32cube.ide.mcu.externaltools.gnu-tools-for-stm32.13.3.rel1.win32_1.0.0.202411081344/tools/bin/../lib/gcc/arm-none-eabi/13.3.1/../../../../arm-none-eabi/lib/thumb/v7e-m+fp/hard\libm.a
END GROUP
START GROUP
LOAD C:/ST/STM32CubeIDE_1.18.1/STM32CubeIDE/plugins/com.st.stm32cube.ide.mcu.externaltools.gnu-tools-for-stm32.13.3.rel1.win32_1.0.0.202411081344/tools/bin/../lib/gcc/arm-none-eabi/13.3.1/thumb/v7e-m+fp/hard\libgcc.a
LOAD C:/ST/STM32CubeIDE_1.18.1/STM32CubeIDE/plugins/com.st.stm32cube.ide.mcu.externaltools.gnu-tools-for-stm32.13.3.rel1.win32_1.0.0.202411081344/tools/bin/../lib/gcc/arm-none-eabi/13.3.1/../../../../arm-none-eabi/lib/thumb/v7e-m+fp/hard\libc_nano.a
END GROUP
START GROUP
LOAD C:/ST/STM32CubeIDE_1.18.1/STM32CubeIDE/plugins/com.st.stm32cube.ide.mcu.externaltools.gnu-tools-for-stm32.13.3.rel1.win32_1.0.0.202411081344/tools/bin/../lib/gcc/arm-none-eabi/13.3.1/thumb/v7e-m+fp/hard\libgcc.a
LOAD C:/ST/STM32CubeIDE_1.18.1/STM32CubeIDE/plugins/com.st.stm32cube.ide.mcu.externaltools.gnu-tools-for-stm32.13.3.rel1.win32_1.0.0.202411081344/tools/bin/../lib/gcc/arm-none-eabi/13.3.1/../../../../arm-none-eabi/lib/thumb/v7e-m+fp/hard\libc_nano.a
LOAD C:/ST/STM32CubeIDE_1.18.1/STM32CubeIDE/plugins/com.st.stm32cube.ide.mcu.externaltools.gnu-tools-for-stm32.13.3.rel1.win32_1.0.0.202411081344/tools/bin/../lib/gcc/arm-none-eabi/13.3.1/../../../../arm-none-eabi/lib/thumb/v7e-m+fp/hard\libnosys.a
END GROUP
START GROUP
LOAD C:/ST/STM32CubeIDE_1.18.1/STM32CubeIDE/plugins/com.st.stm32cube.ide.mcu.externaltools.gnu-tools-for-stm32.13.3.rel1.win32_1.0.0.202411081344/tools/bin/../lib/gcc/arm-none-eabi/13.3.1/thumb/v7e-m+fp/hard\libgcc.a
LOAD C:/ST/STM32CubeIDE_1.18.1/STM32CubeIDE/plugins/com.st.stm32cube.ide.mcu.externaltools.gnu-tools-for-stm32.13.3.rel1.win32_1.0.0.202411081344/tools/bin/../lib/gcc/arm-none-eabi/13.3.1/../../../../arm-none-eabi/lib/thumb/v7e-m+fp/hard\libc_nano.a
LOAD C:/ST/STM32CubeIDE_1.18.1/STM32CubeIDE/plugins/com.st.stm32cube.ide.mcu.externaltools.gnu-tools-for-stm32.13.3.rel1.win32_1.0.0.202411081344/tools/bin/../lib/gcc/arm-none-eabi/13.3.1/../../../../arm-none-eabi/lib/thumb/v7e-m+fp/hard\libnosys.a
END GROUP
LOAD C:/ST/STM32CubeIDE_1.18.1/STM32CubeIDE/plugins/com.st.stm32cube.ide.mcu.externaltools.gnu-tools-for-stm32.13.3.rel1.win32_1.0.0.202411081344/tools/bin/../lib/gcc/arm-none-eabi/13.3.1/thumb/v7e-m+fp/hard/crtend.o
LOAD C:/ST/STM32CubeIDE_1.18.1/STM32CubeIDE/plugins/com.st.stm32cube.ide.mcu.externaltools.gnu-tools-for-stm32.13.3.rel1.win32_1.0.0.202411081344/tools/bin/../lib/gcc/arm-none-eabi/13.3.1/thumb/v7e-m+fp/hard/crtn.o
                0x20020000                        _estack = (ORIGIN (RAM) + LENGTH (RAM))
                0x00000200                        _Min_Heap_Size = 0x200
                0x00000400                        _Min_Stack_Size = 0x400

.isr_vector     0x08000000      0x188
                0x08000000                        . = ALIGN (0x4)
 *(.isr_vector)
 .isr_vector    0x08000000      0x188 ./Startup/startup_stm32f407vgtx.o
                0x08000000                g_pfnVectors
                0x08000188                        . = ALIGN (0x4)

.text           0x08000190     0x1db8
                0x08000190                        . = ALIGN (0x4)
 *(.text)
 .text          0x08000190       0x40 C:/ST/STM32CubeIDE_1.18.1/STM32CubeIDE/plugins/com.st.stm32cube.ide.mcu.externaltools.gnu-tools-for-stm32.13.3.rel1.win32_1.0.0.202411081344/tools/bin/../lib/gcc/arm-none-eabi/13.3.1/thumb/v7e-m+fp/hard/crtbegin.o
 .text          0x080001d0       0x10 C:/ST/STM32CubeIDE_1.18.1/STM32CubeIDE/plugins/com.st.stm32cube.ide.mcu.externaltools.gnu-tools-for-stm32.13.3.rel1.win32_1.0.0.202411081344/tools/bin/../lib/gcc/arm-none-eabi/13.3.1/../../../../arm-none-eabi/lib/thumb/v7e-m+fp/hard\libc_nano.a(libc_a-strlen.o)
                0x080001d0                strlen
 .text          0x080001e0       0xa0 C:/ST/STM32CubeIDE_1.18.1/STM32CubeIDE/plugins/com.st.stm32cube.ide.mcu.externaltools.gnu-tools-for-stm32.13.3.rel1.win32_1.0.0.202411081344/tools/bin/../lib/gcc/arm-none-eabi/13.3.1/../../../../arm-none-eabi/lib/thumb/v7e-m+fp/hard\libc_nano.a(libc_a-memchr.o)
                0x080001e0                memchr
 *(.text*)
 .text.Interrupt_Init
                0x08000280      0x1f4 ./Drivers/Src/exti.o
                0x08000280                Interrupt_Init
 .text.NVIC_IRQConfig
                0x08000474      0x104 ./Drivers/Src/exti.o
                0x08000474                NVIC_IRQConfig
 .text.NVIC_IRQPriorityConfig
                0x08000578       0x86 ./Drivers/Src/exti.o
                0x08000578                NVIC_IRQPriorityConfig
 *fill*         0x080005fe        0x2 
 .text.NVIC_IRQHandling
                0x08000600       0x40 ./Drivers/Src/exti.o
                0x08000600                NVIC_IRQHandling
 .text.GPIO_Init
                0x08000640      0x190 ./Drivers/Src/gpio.o
                0x08000640                GPIO_Init
 .text.SPI_GPIOInit
                0x080007d0       0x60 ./Drivers/Src/lis3dsh.o
 .text.SPI1_Init
                0x08000830       0x5c ./Drivers/Src/lis3dsh.o
 .text.lis3dsh_CommEnable
                0x0800088c       0x78 ./Drivers/Src/lis3dsh.o
 .text.lis3dsh_CSS_Enable
                0x08000904       0x24 ./Drivers/Src/lis3dsh.o
 .text.lis3dsh_CSS_Disable
                0x08000928       0x24 ./Drivers/Src/lis3dsh.o
 .text.lis3dsh_Read_Reg
                0x0800094c       0x68 ./Drivers/Src/lis3dsh.o
                0x0800094c                lis3dsh_Read_Reg
 .text.lis3dsh_Write_Reg
                0x080009b4       0x64 ./Drivers/Src/lis3dsh.o
                0x080009b4                lis3dsh_Write_Reg
 .text.lis3dsh_USART_GpioInit
                0x08000a18       0x40 ./Drivers/Src/lis3dsh.o
 .text.lis3dsh_Display_USARTInit
                0x08000a58       0x5c ./Drivers/Src/lis3dsh.o
 .text.lis3dsh_Init
                0x08000ab4       0x60 ./Drivers/Src/lis3dsh.o
                0x08000ab4                lis3dsh_Init
 .text.lis3dsh_Read_XYZ
                0x08000b14       0xa0 ./Drivers/Src/lis3dsh.o
                0x08000b14                lis3dsh_Read_XYZ
 .text.lis3dsh_INT1_Init
                0x08000bb4       0x60 ./Drivers/Src/lis3dsh.o
                0x08000bb4                lis3dsh_INT1_Init
 .text.RCC_AHB1_Init
                0x08000c14       0x38 ./Drivers/Src/rcc.o
                0x08000c14                RCC_AHB1_Init
 .text.RCC_APB1_Init
                0x08000c4c       0x38 ./Drivers/Src/rcc.o
                0x08000c4c                RCC_APB1_Init
 .text.RCC_APB2_Init
                0x08000c84       0x38 ./Drivers/Src/rcc.o
                0x08000c84                RCC_APB2_Init
 .text.RCC_GetPLLVal
                0x08000cbc       0x12 ./Drivers/Src/rcc.o
                0x08000cbc                RCC_GetPLLVal
 *fill*         0x08000cce        0x2 
 .text.RCC_GetAHBClk
                0x08000cd0       0x90 ./Drivers/Src/rcc.o
                0x08000cd0                RCC_GetAHBClk
 .text.RCC_GetAPB1Clk
                0x08000d60       0x5c ./Drivers/Src/rcc.o
                0x08000d60                RCC_GetAPB1Clk
 .text.RCC_GetAPB2Clk
                0x08000dbc       0x5c ./Drivers/Src/rcc.o
                0x08000dbc                RCC_GetAPB2Clk
 .text.SPI_Init
                0x08000e18      0x136 ./Drivers/Src/spi.o
                0x08000e18                SPI_Init
 .text.SPI_GetFlagStatus
                0x08000f4e       0x28 ./Drivers/Src/spi.o
                0x08000f4e                SPI_GetFlagStatus
 .text.SPI_CommunicationControl
                0x08000f76       0x38 ./Drivers/Src/spi.o
                0x08000f76                SPI_CommunicationControl
 .text.SPI_SSOEConfig
                0x08000fae       0x38 ./Drivers/Src/spi.o
                0x08000fae                SPI_SSOEConfig
 .text.SPI_SendData
                0x08000fe6       0x6a ./Drivers/Src/spi.o
                0x08000fe6                SPI_SendData
 .text.SPI_ReceiveData
                0x08001050       0x68 ./Drivers/Src/spi.o
                0x08001050                SPI_ReceiveData
 .text.USART_Init
                0x080010b8      0x174 ./Drivers/Src/usart.o
                0x080010b8                USART_Init
 .text.USART_SetBaudRate
                0x0800122c      0x130 ./Drivers/Src/usart.o
                0x0800122c                USART_SetBaudRate
 .text.USART_GetFlagStatus
                0x0800135c       0x28 ./Drivers/Src/usart.o
                0x0800135c                USART_GetFlagStatus
 .text.USART_EnableComm
                0x08001384       0x20 ./Drivers/Src/usart.o
                0x08001384                USART_EnableComm
 .text.USART_SendData
                0x080013a4       0xa4 ./Drivers/Src/usart.o
                0x080013a4                USART_SendData
 .text.main     0x08001448       0xdc ./Src/lis3dsh_test.o
                0x08001448                main
 .text.EXTI0_IRQHandler
                0x08001524       0x1c ./Src/lis3dsh_test.o
                0x08001524                EXTI0_IRQHandler
 .text._sbrk    0x08001540       0x6c ./Src/sysmem.o
                0x08001540                _sbrk
 .text.Reset_Handler
                0x080015ac       0x50 ./Startup/startup_stm32f407vgtx.o
                0x080015ac                Reset_Handler
 .text.Default_Handler
                0x080015fc        0x2 ./Startup/startup_stm32f407vgtx.o
                0x080015fc                RTC_Alarm_IRQHandler
                0x080015fc                HASH_RNG_IRQHandler
                0x080015fc                EXTI2_IRQHandler
                0x080015fc                TIM8_CC_IRQHandler
                0x080015fc                DebugMon_Handler
                0x080015fc                TIM1_CC_IRQHandler
                0x080015fc                DMA2_Stream5_IRQHandler
                0x080015fc                HardFault_Handler
                0x080015fc                DMA1_Stream5_IRQHandler
                0x080015fc                SysTick_Handler
                0x080015fc                PVD_IRQHandler
                0x080015fc                SDIO_IRQHandler
                0x080015fc                TAMP_STAMP_IRQHandler
                0x080015fc                PendSV_Handler
                0x080015fc                NMI_Handler
                0x080015fc                CAN2_RX1_IRQHandler
                0x080015fc                EXTI3_IRQHandler
                0x080015fc                TIM8_TRG_COM_TIM14_IRQHandler
                0x080015fc                TIM1_UP_TIM10_IRQHandler
                0x080015fc                TIM8_UP_TIM13_IRQHandler
                0x080015fc                I2C3_ER_IRQHandler
                0x080015fc                I2C2_EV_IRQHandler
                0x080015fc                DMA1_Stream2_IRQHandler
                0x080015fc                CAN1_RX0_IRQHandler
                0x080015fc                FPU_IRQHandler
                0x080015fc                OTG_HS_WKUP_IRQHandler
                0x080015fc                UsageFault_Handler
                0x080015fc                CAN2_SCE_IRQHandler
                0x080015fc                DMA2_Stream2_IRQHandler
                0x080015fc                SPI1_IRQHandler
                0x080015fc                TIM6_DAC_IRQHandler
                0x080015fc                TIM1_BRK_TIM9_IRQHandler
                0x080015fc                DCMI_IRQHandler
                0x080015fc                CAN2_RX0_IRQHandler
                0x080015fc                DMA2_Stream3_IRQHandler
                0x080015fc                USART6_IRQHandler
                0x080015fc                USART3_IRQHandler
                0x080015fc                CRYP_IRQHandler
                0x080015fc                CAN1_RX1_IRQHandler
                0x080015fc                UART5_IRQHandler
                0x080015fc                DMA2_Stream0_IRQHandler
                0x080015fc                TIM4_IRQHandler
                0x080015fc                I2C1_EV_IRQHandler
                0x080015fc                DMA1_Stream6_IRQHandler
                0x080015fc                DMA1_Stream1_IRQHandler
                0x080015fc                UART4_IRQHandler
                0x080015fc                TIM3_IRQHandler
                0x080015fc                RCC_IRQHandler
                0x080015fc                TIM8_BRK_TIM12_IRQHandler
                0x080015fc                Default_Handler
                0x080015fc                EXTI15_10_IRQHandler
                0x080015fc                ADC_IRQHandler
                0x080015fc                DMA1_Stream7_IRQHandler
                0x080015fc                TIM7_IRQHandler
                0x080015fc                CAN2_TX_IRQHandler
                0x080015fc                TIM5_IRQHandler
                0x080015fc                DMA2_Stream7_IRQHandler
                0x080015fc                I2C3_EV_IRQHandler
                0x080015fc                EXTI9_5_IRQHandler
                0x080015fc                RTC_WKUP_IRQHandler
                0x080015fc                ETH_WKUP_IRQHandler
                0x080015fc                SPI2_IRQHandler
                0x080015fc                OTG_HS_EP1_IN_IRQHandler
                0x080015fc                MemManage_Handler
                0x080015fc                DMA1_Stream0_IRQHandler
                0x080015fc                CAN1_TX_IRQHandler
                0x080015fc                SVC_Handler
                0x080015fc                EXTI4_IRQHandler
                0x080015fc                FSMC_IRQHandler
                0x080015fc                ETH_IRQHandler
                0x080015fc                OTG_HS_EP1_OUT_IRQHandler
                0x080015fc                WWDG_IRQHandler
                0x080015fc                TIM2_IRQHandler
                0x080015fc                OTG_FS_WKUP_IRQHandler
                0x080015fc                TIM1_TRG_COM_TIM11_IRQHandler
                0x080015fc                OTG_HS_IRQHandler
                0x080015fc                EXTI1_IRQHandler
                0x080015fc                USART2_IRQHandler
                0x080015fc                I2C2_ER_IRQHandler
                0x080015fc                DMA2_Stream1_IRQHandler
                0x080015fc                CAN1_SCE_IRQHandler
                0x080015fc                DMA2_Stream4_IRQHandler
                0x080015fc                BusFault_Handler
                0x080015fc                USART1_IRQHandler
                0x080015fc                OTG_FS_IRQHandler
                0x080015fc                SPI3_IRQHandler
                0x080015fc                DMA1_Stream4_IRQHandler
                0x080015fc                I2C1_ER_IRQHandler
                0x080015fc                DMA2_Stream6_IRQHandler
                0x080015fc                DMA1_Stream3_IRQHandler
 *fill*         0x080015fe        0x2 
 .text.sprintf  0x08001600       0x44 C:/ST/STM32CubeIDE_1.18.1/STM32CubeIDE/plugins/com.st.stm32cube.ide.mcu.externaltools.gnu-tools-for-stm32.13.3.rel1.win32_1.0.0.202411081344/tools/bin/../lib/gcc/arm-none-eabi/13.3.1/../../../../arm-none-eabi/lib/thumb/v7e-m+fp/hard\libc_nano.a(libc_a-sprintf.o)
                0x08001600                siprintf
                0x08001600                sprintf
 .text.__errno  0x08001644        0xc C:/ST/STM32CubeIDE_1.18.1/STM32CubeIDE/plugins/com.st.stm32cube.ide.mcu.externaltools.gnu-tools-for-stm32.13.3.rel1.win32_1.0.0.202411081344/tools/bin/../lib/gcc/arm-none-eabi/13.3.1/../../../../arm-none-eabi/lib/thumb/v7e-m+fp/hard\libc_nano.a(libc_a-errno.o)
                0x08001644                __errno
 .text.__libc_init_array
                0x08001650       0x48 C:/ST/STM32CubeIDE_1.18.1/STM32CubeIDE/plugins/com.st.stm32cube.ide.mcu.externaltools.gnu-tools-for-stm32.13.3.rel1.win32_1.0.0.202411081344/tools/bin/../lib/gcc/arm-none-eabi/13.3.1/../../../../arm-none-eabi/lib/thumb/v7e-m+fp/hard\libc_nano.a(libc_a-init.o)
                0x08001650                __libc_init_array
 .text.__retarget_lock_acquire_recursive
                0x08001698        0x2 C:/ST/STM32CubeIDE_1.18.1/STM32CubeIDE/plugins/com.st.stm32cube.ide.mcu.externaltools.gnu-tools-for-stm32.13.3.rel1.win32_1.0.0.202411081344/tools/bin/../lib/gcc/arm-none-eabi/13.3.1/../../../../arm-none-eabi/lib/thumb/v7e-m+fp/hard\libc_nano.a(libc_a-lock.o)
                0x08001698                __retarget_lock_acquire_recursive
 .text.__retarget_lock_release_recursive
                0x0800169a        0x2 C:/ST/STM32CubeIDE_1.18.1/STM32CubeIDE/plugins/com.st.stm32cube.ide.mcu.externaltools.gnu-tools-for-stm32.13.3.rel1.win32_1.0.0.202411081344/tools/bin/../lib/gcc/arm-none-eabi/13.3.1/../../../../arm-none-eabi/lib/thumb/v7e-m+fp/hard\libc_nano.a(libc_a-lock.o)
                0x0800169a                __retarget_lock_release_recursive
 .text._free_r  0x0800169c       0x94 C:/ST/STM32CubeIDE_1.18.1/STM32CubeIDE/plugins/com.st.stm32cube.ide.mcu.externaltools.gnu-tools-for-stm32.13.3.rel1.win32_1.0.0.202411081344/tools/bin/../lib/gcc/arm-none-eabi/13.3.1/../../../../arm-none-eabi/lib/thumb/v7e-m+fp/hard\libc_nano.a(libc_a-freer.o)
                0x0800169c                _free_r
 .text.sbrk_aligned
                0x08001730       0x44 C:/ST/STM32CubeIDE_1.18.1/STM32CubeIDE/plugins/com.st.stm32cube.ide.mcu.externaltools.gnu-tools-for-stm32.13.3.rel1.win32_1.0.0.202411081344/tools/bin/../lib/gcc/arm-none-eabi/13.3.1/../../../../arm-none-eabi/lib/thumb/v7e-m+fp/hard\libc_nano.a(libc_a-mallocr.o)
 .text._malloc_r
                0x08001774      0x100 C:/ST/STM32CubeIDE_1.18.1/STM32CubeIDE/plugins/com.st.stm32cube.ide.mcu.externaltools.gnu-tools-for-stm32.13.3.rel1.win32_1.0.0.202411081344/tools/bin/../lib/gcc/arm-none-eabi/13.3.1/../../../../arm-none-eabi/lib/thumb/v7e-m+fp/hard\libc_nano.a(libc_a-mallocr.o)
                0x08001774                _malloc_r
 .text.__malloc_lock
                0x08001874        0xc C:/ST/STM32CubeIDE_1.18.1/STM32CubeIDE/plugins/com.st.stm32cube.ide.mcu.externaltools.gnu-tools-for-stm32.13.3.rel1.win32_1.0.0.202411081344/tools/bin/../lib/gcc/arm-none-eabi/13.3.1/../../../../arm-none-eabi/lib/thumb/v7e-m+fp/hard\libc_nano.a(libc_a-mlock.o)
                0x08001874                __malloc_lock
 .text.__malloc_unlock
                0x08001880        0xc C:/ST/STM32CubeIDE_1.18.1/STM32CubeIDE/plugins/com.st.stm32cube.ide.mcu.externaltools.gnu-tools-for-stm32.13.3.rel1.win32_1.0.0.202411081344/tools/bin/../lib/gcc/arm-none-eabi/13.3.1/../../../../arm-none-eabi/lib/thumb/v7e-m+fp/hard\libc_nano.a(libc_a-mlock.o)
                0x08001880                __malloc_unlock
 .text.__ssputs_r
                0x0800188c       0xb6 C:/ST/STM32CubeIDE_1.18.1/STM32CubeIDE/plugins/com.st.stm32cube.ide.mcu.externaltools.gnu-tools-for-stm32.13.3.rel1.win32_1.0.0.202411081344/tools/bin/../lib/gcc/arm-none-eabi/13.3.1/../../../../arm-none-eabi/lib/thumb/v7e-m+fp/hard\libc_nano.a(libc_a-nano-svfprintf.o)
                0x0800188c                __ssputs_r
 *fill*         0x08001942        0x2 
 .text._svfprintf_r
                0x08001944      0x1f8 C:/ST/STM32CubeIDE_1.18.1/STM32CubeIDE/plugins/com.st.stm32cube.ide.mcu.externaltools.gnu-tools-for-stm32.13.3.rel1.win32_1.0.0.202411081344/tools/bin/../lib/gcc/arm-none-eabi/13.3.1/../../../../arm-none-eabi/lib/thumb/v7e-m+fp/hard\libc_nano.a(libc_a-nano-svfprintf.o)
                0x08001944                _svfiprintf_r
                0x08001944                _svfprintf_r
 .text._printf_common
                0x08001b3c       0xda C:/ST/STM32CubeIDE_1.18.1/STM32CubeIDE/plugins/com.st.stm32cube.ide.mcu.externaltools.gnu-tools-for-stm32.13.3.rel1.win32_1.0.0.202411081344/tools/bin/../lib/gcc/arm-none-eabi/13.3.1/../../../../arm-none-eabi/lib/thumb/v7e-m+fp/hard\libc_nano.a(libc_a-nano-vfprintf_i.o)
                0x08001b3c                _printf_common
 *fill*         0x08001c16        0x2 
 .text._printf_i
                0x08001c18      0x23c C:/ST/STM32CubeIDE_1.18.1/STM32CubeIDE/plugins/com.st.stm32cube.ide.mcu.externaltools.gnu-tools-for-stm32.13.3.rel1.win32_1.0.0.202411081344/tools/bin/../lib/gcc/arm-none-eabi/13.3.1/../../../../arm-none-eabi/lib/thumb/v7e-m+fp/hard\libc_nano.a(libc_a-nano-vfprintf_i.o)
                0x08001c18                _printf_i
 .text.memmove  0x08001e54       0x34 C:/ST/STM32CubeIDE_1.18.1/STM32CubeIDE/plugins/com.st.stm32cube.ide.mcu.externaltools.gnu-tools-for-stm32.13.3.rel1.win32_1.0.0.202411081344/tools/bin/../lib/gcc/arm-none-eabi/13.3.1/../../../../arm-none-eabi/lib/thumb/v7e-m+fp/hard\libc_nano.a(libc_a-memmove.o)
                0x08001e54                memmove
 .text._sbrk_r  0x08001e88       0x20 C:/ST/STM32CubeIDE_1.18.1/STM32CubeIDE/plugins/com.st.stm32cube.ide.mcu.externaltools.gnu-tools-for-stm32.13.3.rel1.win32_1.0.0.202411081344/tools/bin/../lib/gcc/arm-none-eabi/13.3.1/../../../../arm-none-eabi/lib/thumb/v7e-m+fp/hard\libc_nano.a(libc_a-sbrkr.o)
                0x08001e88                _sbrk_r
 .text.memcpy   0x08001ea8       0x1c C:/ST/STM32CubeIDE_1.18.1/STM32CubeIDE/plugins/com.st.stm32cube.ide.mcu.externaltools.gnu-tools-for-stm32.13.3.rel1.win32_1.0.0.202411081344/tools/bin/../lib/gcc/arm-none-eabi/13.3.1/../../../../arm-none-eabi/lib/thumb/v7e-m+fp/hard\libc_nano.a(libc_a-memcpy-stub.o)
                0x08001ea8                memcpy
 .text._realloc_r
                0x08001ec4       0x5c C:/ST/STM32CubeIDE_1.18.1/STM32CubeIDE/plugins/com.st.stm32cube.ide.mcu.externaltools.gnu-tools-for-stm32.13.3.rel1.win32_1.0.0.202411081344/tools/bin/../lib/gcc/arm-none-eabi/13.3.1/../../../../arm-none-eabi/lib/thumb/v7e-m+fp/hard\libc_nano.a(libc_a-reallocr.o)
                0x08001ec4                _realloc_r
 .text._malloc_usable_size_r
                0x08001f20       0x10 C:/ST/STM32CubeIDE_1.18.1/STM32CubeIDE/plugins/com.st.stm32cube.ide.mcu.externaltools.gnu-tools-for-stm32.13.3.rel1.win32_1.0.0.202411081344/tools/bin/../lib/gcc/arm-none-eabi/13.3.1/../../../../arm-none-eabi/lib/thumb/v7e-m+fp/hard\libc_nano.a(libc_a-msizer.o)
                0x08001f20                _malloc_usable_size_r
 *(.glue_7)
 .glue_7        0x08001f30        0x0 linker stubs
 *(.glue_7t)
 .glue_7t       0x08001f30        0x0 linker stubs
 *(.eh_frame)
 .eh_frame      0x08001f30        0x0 C:/ST/STM32CubeIDE_1.18.1/STM32CubeIDE/plugins/com.st.stm32cube.ide.mcu.externaltools.gnu-tools-for-stm32.13.3.rel1.win32_1.0.0.202411081344/tools/bin/../lib/gcc/arm-none-eabi/13.3.1/thumb/v7e-m+fp/hard/crtbegin.o
 *(.init)
 .init          0x08001f30        0x4 C:/ST/STM32CubeIDE_1.18.1/STM32CubeIDE/plugins/com.st.stm32cube.ide.mcu.externaltools.gnu-tools-for-stm32.13.3.rel1.win32_1.0.0.202411081344/tools/bin/../lib/gcc/arm-none-eabi/13.3.1/thumb/v7e-m+fp/hard/crti.o
                0x08001f30                _init
 .init          0x08001f34        0x8 C:/ST/STM32CubeIDE_1.18.1/STM32CubeIDE/plugins/com.st.stm32cube.ide.mcu.externaltools.gnu-tools-for-stm32.13.3.rel1.win32_1.0.0.202411081344/tools/bin/../lib/gcc/arm-none-eabi/13.3.1/thumb/v7e-m+fp/hard/crtn.o
 *(.fini)
 .fini          0x08001f3c        0x4 C:/ST/STM32CubeIDE_1.18.1/STM32CubeIDE/plugins/com.st.stm32cube.ide.mcu.externaltools.gnu-tools-for-stm32.13.3.rel1.win32_1.0.0.202411081344/tools/bin/../lib/gcc/arm-none-eabi/13.3.1/thumb/v7e-m+fp/hard/crti.o
                0x08001f3c                _fini
 .fini          0x08001f40        0x8 C:/ST/STM32CubeIDE_1.18.1/STM32CubeIDE/plugins/com.st.stm32cube.ide.mcu.externaltools.gnu-tools-for-stm32.13.3.rel1.win32_1.0.0.202411081344/tools/bin/../lib/gcc/arm-none-eabi/13.3.1/thumb/v7e-m+fp/hard/crtn.o
                0x08001f48                        . = ALIGN (0x4)
                0x08001f48                        _etext = .

.vfp11_veneer   0x08001f48        0x0
 .vfp11_veneer  0x08001f48        0x0 linker stubs

.v4_bx          0x08001f48        0x0
 .v4_bx         0x08001f48        0x0 linker stubs

.iplt           0x08001f48        0x0
 .iplt          0x08001f48        0x0 C:/ST/STM32CubeIDE_1.18.1/STM32CubeIDE/plugins/com.st.stm32cube.ide.mcu.externaltools.gnu-tools-for-stm32.13.3.rel1.win32_1.0.0.202411081344/tools/bin/../lib/gcc/arm-none-eabi/13.3.1/thumb/v7e-m+fp/hard/crtbegin.o

.rodata         0x08001f48       0x78
                0x08001f48                        . = ALIGN (0x4)
 *(.rodata)
 .rodata        0x08001f48        0x6 ./Drivers/Src/lis3dsh.o
 *fill*         0x08001f4e        0x2 
 .rodata        0x08001f50       0x3a ./Src/lis3dsh_test.o
 *(.rodata*)
 .rodata._svfprintf_r.str1.1
                0x08001f8a       0x33 C:/ST/STM32CubeIDE_1.18.1/STM32CubeIDE/plugins/com.st.stm32cube.ide.mcu.externaltools.gnu-tools-for-stm32.13.3.rel1.win32_1.0.0.202411081344/tools/bin/../lib/gcc/arm-none-eabi/13.3.1/../../../../arm-none-eabi/lib/thumb/v7e-m+fp/hard\libc_nano.a(libc_a-nano-svfprintf.o)
                                 0x11 (size before relaxing)
 .rodata._printf_i.str1.1
                0x08001fbd       0x22 C:/ST/STM32CubeIDE_1.18.1/STM32CubeIDE/plugins/com.st.stm32cube.ide.mcu.externaltools.gnu-tools-for-stm32.13.3.rel1.win32_1.0.0.202411081344/tools/bin/../lib/gcc/arm-none-eabi/13.3.1/../../../../arm-none-eabi/lib/thumb/v7e-m+fp/hard\libc_nano.a(libc_a-nano-vfprintf_i.o)
                0x08001fe0                        . = ALIGN (0x4)
 *fill*         0x08001fbd        0x3 

.ARM.extab      0x08001fc0        0x0
                0x08001fc0                        . = ALIGN (0x4)
 *(.ARM.extab* .gnu.linkonce.armextab.*)
                0x08001fc0                        . = ALIGN (0x4)

.ARM            0x08001fc0        0x8
                0x08001fc0                        . = ALIGN (0x4)
                0x08001fc0                        __exidx_start = .
 *(.ARM.exidx*)
 .ARM.exidx     0x08001fc0        0x8 C:/ST/STM32CubeIDE_1.18.1/STM32CubeIDE/plugins/com.st.stm32cube.ide.mcu.externaltools.gnu-tools-for-stm32.13.3.rel1.win32_1.0.0.202411081344/tools/bin/../lib/gcc/arm-none-eabi/13.3.1/../../../../arm-none-eabi/lib/thumb/v7e-m+fp/hard\libc_nano.a(libc_a-strlen.o)
 .ARM.exidx     0x08001fc8        0x0 C:/ST/STM32CubeIDE_1.18.1/STM32CubeIDE/plugins/com.st.stm32cube.ide.mcu.externaltools.gnu-tools-for-stm32.13.3.rel1.win32_1.0.0.202411081344/tools/bin/../lib/gcc/arm-none-eabi/13.3.1/../../../../arm-none-eabi/lib/thumb/v7e-m+fp/hard\libc_nano.a(libc_a-memchr.o)
                                  0x8 (size before relaxing)
                0x08001fc8                        __exidx_end = .
                0x08001fc8                        . = ALIGN (0x4)

.preinit_array  0x08001fc8        0x0
                0x08001fc8                        . = ALIGN (0x4)
                0x08001fc8                        PROVIDE (__preinit_array_start = .)
 *(.preinit_array*)
                0x08001fc8                        PROVIDE (__preinit_array_end = .)
                0x08001fc8                        . = ALIGN (0x4)

.init_array     0x08001fc8        0x4
                0x08001fc8                        . = ALIGN (0x4)
                0x08001fc8                        PROVIDE (__init_array_start = .)
 *(SORT_BY_NAME(.init_array.*))
 *(.init_array*)
 .init_array    0x08001fc8        0x4 C:/ST/STM32CubeIDE_1.18.1/STM32CubeIDE/plugins/com.st.stm32cube.ide.mcu.externaltools.gnu-tools-for-stm32.13.3.rel1.win32_1.0.0.202411081344/tools/bin/../lib/gcc/arm-none-eabi/13.3.1/thumb/v7e-m+fp/hard/crtbegin.o
                0x08001fcc                        PROVIDE (__init_array_end = .)
                0x08001fcc                        . = ALIGN (0x4)

.fini_array     0x08001fcc        0x4
                0x08001fcc                        . = ALIGN (0x4)
                [!provide]                        PROVIDE (__fini_array_start = .)
 *(SORT_BY_NAME(.fini_array.*))
 *(.fini_array*)
 .fini_array    0x08001fcc        0x4 C:/ST/STM32CubeIDE_1.18.1/STM32CubeIDE/plugins/com.st.stm32cube.ide.mcu.externaltools.gnu-tools-for-stm32.13.3.rel1.win32_1.0.0.202411081344/tools/bin/../lib/gcc/arm-none-eabi/13.3.1/thumb/v7e-m+fp/hard/crtbegin.o
                [!provide]                        PROVIDE (__fini_array_end = .)
                0x08001fd0                        . = ALIGN (0x4)
                0x08001fd0                        _sidata = LOADADDR (.data)

.rel.dyn        0x08001fd0        0x0
 .rel.iplt      0x08001fd0        0x0 C:/ST/STM32CubeIDE_1.18.1/STM32CubeIDE/plugins/com.st.stm32cube.ide.mcu.externaltools.gnu-tools-for-stm32.13.3.rel1.win32_1.0.0.202411081344/tools/bin/../lib/gcc/arm-none-eabi/13.3.1/thumb/v7e-m+fp/hard/crtbegin.o

.data           0x20000000       0x6c load address 0x08001fd0
                0x20000000                        . = ALIGN (0x4)
                0x20000000                        _sdata = .
 *(.data)
 *(.data*)
 .data.spi1PinSet
                0x20000000        0x3 ./Drivers/Src/lis3dsh.o
 *fill*         0x20000003        0x1 
 .data.AHBPrescalar
                0x20000004       0x10 ./Drivers/Src/rcc.o
 .data.APBxPrescalar
                0x20000014        0x8 ./Drivers/Src/rcc.o
 .data._impure_ptr
                0x2000001c        0x4 C:/ST/STM32CubeIDE_1.18.1/STM32CubeIDE/plugins/com.st.stm32cube.ide.mcu.externaltools.gnu-tools-for-stm32.13.3.rel1.win32_1.0.0.202411081344/tools/bin/../lib/gcc/arm-none-eabi/13.3.1/../../../../arm-none-eabi/lib/thumb/v7e-m+fp/hard\libc_nano.a(libc_a-impure.o)
                0x2000001c                _impure_ptr
 .data._impure_data
                0x20000020       0x4c C:/ST/STM32CubeIDE_1.18.1/STM32CubeIDE/plugins/com.st.stm32cube.ide.mcu.externaltools.gnu-tools-for-stm32.13.3.rel1.win32_1.0.0.202411081344/tools/bin/../lib/gcc/arm-none-eabi/13.3.1/../../../../arm-none-eabi/lib/thumb/v7e-m+fp/hard\libc_nano.a(libc_a-impure.o)
                0x20000020                _impure_data
 *(.RamFunc)
 *(.RamFunc*)
                0x2000006c                        . = ALIGN (0x4)
                0x2000006c                        _edata = .
                0x0800203c                        _siccmram = LOADADDR (.ccmram)

.igot.plt       0x2000006c        0x0 load address 0x0800203c
 .igot.plt      0x2000006c        0x0 C:/ST/STM32CubeIDE_1.18.1/STM32CubeIDE/plugins/com.st.stm32cube.ide.mcu.externaltools.gnu-tools-for-stm32.13.3.rel1.win32_1.0.0.202411081344/tools/bin/../lib/gcc/arm-none-eabi/13.3.1/thumb/v7e-m+fp/hard/crtbegin.o

.ccmram         0x10000000        0x0 load address 0x0800203c
                0x10000000                        . = ALIGN (0x4)
                0x10000000                        _sccmram = .
 *(.ccmram)
 *(.ccmram*)
                0x10000000                        . = ALIGN (0x4)
                0x10000000                        _eccmram = .
                0x10000000                        . = ALIGN (0x4)

.bss            0x2000006c      0x198
                0x2000006c                        _sbss = .
                0x2000006c                        __bss_start__ = _sbss
 *(.bss)
 .bss           0x2000006c       0x1c C:/ST/STM32CubeIDE_1.18.1/STM32CubeIDE/plugins/com.st.stm32cube.ide.mcu.externaltools.gnu-tools-for-stm32.13.3.rel1.win32_1.0.0.202411081344/tools/bin/../lib/gcc/arm-none-eabi/13.3.1/thumb/v7e-m+fp/hard/crtbegin.o
 *(.bss*)
 .bss.spi1Pins  0x20000088        0xc ./Drivers/Src/lis3dsh.o
 .bss.spi1Css   0x20000094        0xc ./Drivers/Src/lis3dsh.o
 .bss.usart2    0x200000a0       0x10 ./Drivers/Src/lis3dsh.o
                0x200000a0                usart2
 .bss.buffer    0x200000b0        0x6 ./Drivers/Src/lis3dsh.o
                0x200000b0                buffer
 .bss.dataReady
                0x200000b6        0x1 ./Src/lis3dsh_test.o
                0x200000b6                dataReady
 *fill*         0x200000b7        0x1 
 .bss.__sbrk_heap_end
                0x200000b8        0x4 ./Src/sysmem.o
 .bss.__sf      0x200000bc      0x138 C:/ST/STM32CubeIDE_1.18.1/STM32CubeIDE/plugins/com.st.stm32cube.ide.mcu.externaltools.gnu-tools-for-stm32.13.3.rel1.win32_1.0.0.202411081344/tools/bin/../lib/gcc/arm-none-eabi/13.3.1/../../../../arm-none-eabi/lib/thumb/v7e-m+fp/hard\libc_nano.a(libc_a-findfp.o)
                0x200000bc                __sf
 .bss.errno     0x200001f4        0x4 C:/ST/STM32CubeIDE_1.18.1/STM32CubeIDE/plugins/com.st.stm32cube.ide.mcu.externaltools.gnu-tools-for-stm32.13.3.rel1.win32_1.0.0.202411081344/tools/bin/../lib/gcc/arm-none-eabi/13.3.1/../../../../arm-none-eabi/lib/thumb/v7e-m+fp/hard\libc_nano.a(libc_a-reent.o)
                0x200001f4                errno
 .bss.__lock___malloc_recursive_mutex
                0x200001f8        0x1 C:/ST/STM32CubeIDE_1.18.1/STM32CubeIDE/plugins/com.st.stm32cube.ide.mcu.externaltools.gnu-tools-for-stm32.13.3.rel1.win32_1.0.0.202411081344/tools/bin/../lib/gcc/arm-none-eabi/13.3.1/../../../../arm-none-eabi/lib/thumb/v7e-m+fp/hard\libc_nano.a(libc_a-lock.o)
                0x200001f8                __lock___malloc_recursive_mutex
 *fill*         0x200001f9        0x3 
 .bss.__malloc_sbrk_start
                0x200001fc        0x4 C:/ST/STM32CubeIDE_1.18.1/STM32CubeIDE/plugins/com.st.stm32cube.ide.mcu.externaltools.gnu-tools-for-stm32.13.3.rel1.win32_1.0.0.202411081344/tools/bin/../lib/gcc/arm-none-eabi/13.3.1/../../../../arm-none-eabi/lib/thumb/v7e-m+fp/hard\libc_nano.a(libc_a-mallocr.o)
                0x200001fc                __malloc_sbrk_start
 .bss.__malloc_free_list
                0x20000200        0x4 C:/ST/STM32CubeIDE_1.18.1/STM32CubeIDE/plugins/com.st.stm32cube.ide.mcu.externaltools.gnu-tools-for-stm32.13.3.rel1.win32_1.0.0.202411081344/tools/bin/../lib/gcc/arm-none-eabi/13.3.1/../../../../arm-none-eabi/lib/thumb/v7e-m+fp/hard\libc_nano.a(libc_a-mallocr.o)
                0x20000200                __malloc_free_list
 *(COMMON)
                0x20000204                        . = ALIGN (0x4)
                0x20000204                        _ebss = .
                0x20000204                        __bss_end__ = _ebss

._user_heap_stack
                0x20000204      0x604
                0x20000208                        . = ALIGN (0x8)
 *fill*         0x20000204        0x4 
                [!provide]                        PROVIDE (end = .)
                0x20000208                        PROVIDE (_end = .)
                0x20000408                        . = (. + _Min_Heap_Size)
 *fill*         0x20000208      0x200 
                0x20000808                        . = (. + _Min_Stack_Size)
 *fill*         0x20000408      0x400 
                0x20000808                        . = ALIGN (0x8)

/DISCARD/
 libc.a(*)
 libm.a(*)
 libgcc.a(*)

.ARM.attributes
                0x00000000       0x30
 *(.ARM.attributes)
 .ARM.attributes
                0x00000000       0x22 C:/ST/STM32CubeIDE_1.18.1/STM32CubeIDE/plugins/com.st.stm32cube.ide.mcu.externaltools.gnu-tools-for-stm32.13.3.rel1.win32_1.0.0.202411081344/tools/bin/../lib/gcc/arm-none-eabi/13.3.1/thumb/v7e-m+fp/hard/crti.o
 .ARM.attributes
                0x00000022       0x34 C:/ST/STM32CubeIDE_1.18.1/STM32CubeIDE/plugins/com.st.stm32cube.ide.mcu.externaltools.gnu-tools-for-stm32.13.3.rel1.win32_1.0.0.202411081344/tools/bin/../lib/gcc/arm-none-eabi/13.3.1/thumb/v7e-m+fp/hard/crtbegin.o
 .ARM.attributes
                0x00000056       0x34 ./Drivers/Src/exti.o
 .ARM.attributes
                0x0000008a       0x34 ./Drivers/Src/gpio.o
 .ARM.attributes
                0x000000be       0x34 ./Drivers/Src/lis3dsh.o
 .ARM.attributes
                0x000000f2       0x34 ./Drivers/Src/rcc.o
 .ARM.attributes
                0x00000126       0x34 ./Drivers/Src/spi.o
 .ARM.attributes
                0x0000015a       0x34 ./Drivers/Src/usart.o
 .ARM.attributes
                0x0000018e       0x34 ./Src/lis3dsh_test.o
 .ARM.attributes
                0x000001c2       0x34 ./Src/sysmem.o
 .ARM.attributes
                0x000001f6       0x21 ./Startup/startup_stm32f407vgtx.o
 .ARM.attributes
                0x00000217       0x34 C:/ST/STM32CubeIDE_1.18.1/STM32CubeIDE/plugins/com.st.stm32cube.ide.mcu.externaltools.gnu-tools-for-stm32.13.3.rel1.win32_1.0.0.202411081344/tools/bin/../lib/gcc/arm-none-eabi/13.3.1/../../../../arm-none-eabi/lib/thumb/v7e-m+fp/hard\libc_nano.a(libc_a-findfp.o)
 .ARM.attributes
                0x0000024b       0x34 C:/ST/STM32CubeIDE_1.18.1/STM32CubeIDE/plugins/com.st.stm32cube.ide.mcu.externaltools.gnu-tools-for-stm32.13.3.rel1.win32_1.0.0.202411081344/tools/bin/../lib/gcc/arm-none-eabi/13.3.1/../../../../arm-none-eabi/lib/thumb/v7e-m+fp/hard\libc_nano.a(libc_a-sprintf.o)
 .ARM.attributes
                0x0000027f       0x34 C:/ST/STM32CubeIDE_1.18.1/STM32CubeIDE/plugins/com.st.stm32cube.ide.mcu.externaltools.gnu-tools-for-stm32.13.3.rel1.win32_1.0.0.202411081344/tools/bin/../lib/gcc/arm-none-eabi/13.3.1/../../../../arm-none-eabi/lib/thumb/v7e-m+fp/hard\libc_nano.a(libc_a-reent.o)
 .ARM.attributes
                0x000002b3       0x34 C:/ST/STM32CubeIDE_1.18.1/STM32CubeIDE/plugins/com.st.stm32cube.ide.mcu.externaltools.gnu-tools-for-stm32.13.3.rel1.win32_1.0.0.202411081344/tools/bin/../lib/gcc/arm-none-eabi/13.3.1/../../../../arm-none-eabi/lib/thumb/v7e-m+fp/hard\libc_nano.a(libc_a-impure.o)
 .ARM.attributes
                0x000002e7       0x34 C:/ST/STM32CubeIDE_1.18.1/STM32CubeIDE/plugins/com.st.stm32cube.ide.mcu.externaltools.gnu-tools-for-stm32.13.3.rel1.win32_1.0.0.202411081344/tools/bin/../lib/gcc/arm-none-eabi/13.3.1/../../../../arm-none-eabi/lib/thumb/v7e-m+fp/hard\libc_nano.a(libc_a-errno.o)
 .ARM.attributes
                0x0000031b       0x34 C:/ST/STM32CubeIDE_1.18.1/STM32CubeIDE/plugins/com.st.stm32cube.ide.mcu.externaltools.gnu-tools-for-stm32.13.3.rel1.win32_1.0.0.202411081344/tools/bin/../lib/gcc/arm-none-eabi/13.3.1/../../../../arm-none-eabi/lib/thumb/v7e-m+fp/hard\libc_nano.a(libc_a-init.o)
 .ARM.attributes
                0x0000034f       0x34 C:/ST/STM32CubeIDE_1.18.1/STM32CubeIDE/plugins/com.st.stm32cube.ide.mcu.externaltools.gnu-tools-for-stm32.13.3.rel1.win32_1.0.0.202411081344/tools/bin/../lib/gcc/arm-none-eabi/13.3.1/../../../../arm-none-eabi/lib/thumb/v7e-m+fp/hard\libc_nano.a(libc_a-lock.o)
 .ARM.attributes
                0x00000383       0x17 C:/ST/STM32CubeIDE_1.18.1/STM32CubeIDE/plugins/com.st.stm32cube.ide.mcu.externaltools.gnu-tools-for-stm32.13.3.rel1.win32_1.0.0.202411081344/tools/bin/../lib/gcc/arm-none-eabi/13.3.1/../../../../arm-none-eabi/lib/thumb/v7e-m+fp/hard\libc_nano.a(libc_a-strlen.o)
 .ARM.attributes
                0x0000039a       0x34 C:/ST/STM32CubeIDE_1.18.1/STM32CubeIDE/plugins/com.st.stm32cube.ide.mcu.externaltools.gnu-tools-for-stm32.13.3.rel1.win32_1.0.0.202411081344/tools/bin/../lib/gcc/arm-none-eabi/13.3.1/../../../../arm-none-eabi/lib/thumb/v7e-m+fp/hard\libc_nano.a(libc_a-freer.o)
 .ARM.attributes
                0x000003ce       0x34 C:/ST/STM32CubeIDE_1.18.1/STM32CubeIDE/plugins/com.st.stm32cube.ide.mcu.externaltools.gnu-tools-for-stm32.13.3.rel1.win32_1.0.0.202411081344/tools/bin/../lib/gcc/arm-none-eabi/13.3.1/../../../../arm-none-eabi/lib/thumb/v7e-m+fp/hard\libc_nano.a(libc_a-mallocr.o)
 .ARM.attributes
                0x00000402       0x34 C:/ST/STM32CubeIDE_1.18.1/STM32CubeIDE/plugins/com.st.stm32cube.ide.mcu.externaltools.gnu-tools-for-stm32.13.3.rel1.win32_1.0.0.202411081344/tools/bin/../lib/gcc/arm-none-eabi/13.3.1/../../../../arm-none-eabi/lib/thumb/v7e-m+fp/hard\libc_nano.a(libc_a-mlock.o)
 .ARM.attributes
                0x00000436       0x34 C:/ST/STM32CubeIDE_1.18.1/STM32CubeIDE/plugins/com.st.stm32cube.ide.mcu.externaltools.gnu-tools-for-stm32.13.3.rel1.win32_1.0.0.202411081344/tools/bin/../lib/gcc/arm-none-eabi/13.3.1/../../../../arm-none-eabi/lib/thumb/v7e-m+fp/hard\libc_nano.a(libc_a-nano-svfprintf.o)
 .ARM.attributes
                0x0000046a       0x34 C:/ST/STM32CubeIDE_1.18.1/STM32CubeIDE/plugins/com.st.stm32cube.ide.mcu.externaltools.gnu-tools-for-stm32.13.3.rel1.win32_1.0.0.202411081344/tools/bin/../lib/gcc/arm-none-eabi/13.3.1/../../../../arm-none-eabi/lib/thumb/v7e-m+fp/hard\libc_nano.a(libc_a-nano-vfprintf_i.o)
 .ARM.attributes
                0x0000049e       0x34 C:/ST/STM32CubeIDE_1.18.1/STM32CubeIDE/plugins/com.st.stm32cube.ide.mcu.externaltools.gnu-tools-for-stm32.13.3.rel1.win32_1.0.0.202411081344/tools/bin/../lib/gcc/arm-none-eabi/13.3.1/../../../../arm-none-eabi/lib/thumb/v7e-m+fp/hard\libc_nano.a(libc_a-memmove.o)
 .ARM.attributes
                0x000004d2       0x34 C:/ST/STM32CubeIDE_1.18.1/STM32CubeIDE/plugins/com.st.stm32cube.ide.mcu.externaltools.gnu-tools-for-stm32.13.3.rel1.win32_1.0.0.202411081344/tools/bin/../lib/gcc/arm-none-eabi/13.3.1/../../../../arm-none-eabi/lib/thumb/v7e-m+fp/hard\libc_nano.a(libc_a-sbrkr.o)
 .ARM.attributes
                0x00000506       0x1c C:/ST/STM32CubeIDE_1.18.1/STM32CubeIDE/plugins/com.st.stm32cube.ide.mcu.externaltools.gnu-tools-for-stm32.13.3.rel1.win32_1.0.0.202411081344/tools/bin/../lib/gcc/arm-none-eabi/13.3.1/../../../../arm-none-eabi/lib/thumb/v7e-m+fp/hard\libc_nano.a(libc_a-memchr.o)
 .ARM.attributes
                0x00000522       0x34 C:/ST/STM32CubeIDE_1.18.1/STM32CubeIDE/plugins/com.st.stm32cube.ide.mcu.externaltools.gnu-tools-for-stm32.13.3.rel1.win32_1.0.0.202411081344/tools/bin/../lib/gcc/arm-none-eabi/13.3.1/../../../../arm-none-eabi/lib/thumb/v7e-m+fp/hard\libc_nano.a(libc_a-memcpy-stub.o)
 .ARM.attributes
                0x00000556       0x34 C:/ST/STM32CubeIDE_1.18.1/STM32CubeIDE/plugins/com.st.stm32cube.ide.mcu.externaltools.gnu-tools-for-stm32.13.3.rel1.win32_1.0.0.202411081344/tools/bin/../lib/gcc/arm-none-eabi/13.3.1/../../../../arm-none-eabi/lib/thumb/v7e-m+fp/hard\libc_nano.a(libc_a-reallocr.o)
 .ARM.attributes
                0x0000058a       0x34 C:/ST/STM32CubeIDE_1.18.1/STM32CubeIDE/plugins/com.st.stm32cube.ide.mcu.externaltools.gnu-tools-for-stm32.13.3.rel1.win32_1.0.0.202411081344/tools/bin/../lib/gcc/arm-none-eabi/13.3.1/../../../../arm-none-eabi/lib/thumb/v7e-m+fp/hard\libc_nano.a(libc_a-msizer.o)
 .ARM.attributes
                0x000005be       0x22 C:/ST/STM32CubeIDE_1.18.1/STM32CubeIDE/plugins/com.st.stm32cube.ide.mcu.externaltools.gnu-tools-for-stm32.13.3.rel1.win32_1.0.0.202411081344/tools/bin/../lib/gcc/arm-none-eabi/13.3.1/thumb/v7e-m+fp/hard/crtn.o
OUTPUT(stm32f407-lis3dsh-baremetal.elf elf32-littlearm)
LOAD linker stubs
LOAD C:/ST/STM32CubeIDE_1.18.1/STM32CubeIDE/plugins/com.st.stm32cube.ide.mcu.externaltools.gnu-tools-for-stm32.13.3.rel1.win32_1.0.0.202411081344/tools/bin/../lib/gcc/arm-none-eabi/13.3.1/../../../../arm-none-eabi/lib/thumb/v7e-m+fp/hard\libc.a
LOAD C:/ST/STM32CubeIDE_1.18.1/STM32CubeIDE/plugins/com.st.stm32cube.ide.mcu.externaltools.gnu-tools-for-stm32.13.3.rel1.win32_1.0.0.202411081344/tools/bin/../lib/gcc/arm-none-eabi/13.3.1/../../../../arm-none-eabi/lib/thumb/v7e-m+fp/hard\libm.a
LOAD C:/ST/STM32CubeIDE_1.18.1/STM32CubeIDE/plugins/com.st.stm32cube.ide.mcu.externaltools.gnu-tools-for-stm32.13.3.rel1.win32_1.0.0.202411081344/tools/bin/../lib/gcc/arm-none-eabi/13.3.1/thumb/v7e-m+fp/hard\libgcc.a

.debug_info     0x00000000     0x2cc4
 .debug_info    0x00000000      0x544 ./Drivers/Src/exti.o
 .debug_info    0x00000544      0x3a2 ./Drivers/Src/gpio.o
 .debug_info    0x000008e6      0xcbd ./Drivers/Src/lis3dsh.o
 .debug_info    0x000015a3      0x685 ./Drivers/Src/rcc.o
 .debug_info    0x00001c28      0x386 ./Drivers/Src/spi.o
 .debug_info    0x00001fae      0x517 ./Drivers/Src/usart.o
 .debug_info    0x000024c5      0x667 ./Src/lis3dsh_test.o
 .debug_info    0x00002b2c      0x168 ./Src/sysmem.o
 .debug_info    0x00002c94       0x30 ./Startup/startup_stm32f407vgtx.o

.debug_abbrev   0x00000000      0xb08
 .debug_abbrev  0x00000000      0x10e ./Drivers/Src/exti.o
 .debug_abbrev  0x0000010e      0x114 ./Drivers/Src/gpio.o
 .debug_abbrev  0x00000222      0x25a ./Drivers/Src/lis3dsh.o
 .debug_abbrev  0x0000047c      0x130 ./Drivers/Src/rcc.o
 .debug_abbrev  0x000005ac      0x129 ./Drivers/Src/spi.o
 .debug_abbrev  0x000006d5      0x1cc ./Drivers/Src/usart.o
 .debug_abbrev  0x000008a1      0x187 ./Src/lis3dsh_test.o
 .debug_abbrev  0x00000a28       0xbc ./Src/sysmem.o
 .debug_abbrev  0x00000ae4       0x24 ./Startup/startup_stm32f407vgtx.o

.debug_aranges  0x00000000      0x278
 .debug_aranges
                0x00000000       0x40 ./Drivers/Src/exti.o
 .debug_aranges
                0x00000040       0x38 ./Drivers/Src/gpio.o
 .debug_aranges
                0x00000078       0x88 ./Drivers/Src/lis3dsh.o
 .debug_aranges
                0x00000100       0x68 ./Drivers/Src/rcc.o
 .debug_aranges
                0x00000168       0x48 ./Drivers/Src/spi.o
 .debug_aranges
                0x000001b0       0x58 ./Drivers/Src/usart.o
 .debug_aranges
                0x00000208       0x28 ./Src/lis3dsh_test.o
 .debug_aranges
                0x00000230       0x20 ./Src/sysmem.o
 .debug_aranges
                0x00000250       0x28 ./Startup/startup_stm32f407vgtx.o

.debug_rnglists
                0x00000000      0x1b9
 .debug_rnglists
                0x00000000       0x2e ./Drivers/Src/exti.o
 .debug_rnglists
                0x0000002e       0x26 ./Drivers/Src/gpio.o
 .debug_rnglists
                0x00000054       0x63 ./Drivers/Src/lis3dsh.o
 .debug_rnglists
                0x000000b7       0x4a ./Drivers/Src/rcc.o
 .debug_rnglists
                0x00000101       0x32 ./Drivers/Src/spi.o
 .debug_rnglists
                0x00000133       0x40 ./Drivers/Src/usart.o
 .debug_rnglists
                0x00000173       0x1a ./Src/lis3dsh_test.o
 .debug_rnglists
                0x0000018d       0x13 ./Src/sysmem.o
 .debug_rnglists
                0x000001a0       0x19 ./Startup/startup_stm32f407vgtx.o

.debug_macro    0x00000000     0x2cec
 .debug_macro   0x00000000      0x17a ./Drivers/Src/exti.o
 .debug_macro   0x0000017a      0xae4 ./Drivers/Src/exti.o
 .debug_macro   0x00000c5e       0x22 ./Drivers/Src/exti.o
 .debug_macro   0x00000c80       0x8e ./Drivers/Src/exti.o
 .debug_macro   0x00000d0e       0x51 ./Drivers/Src/exti.o
 .debug_macro   0x00000d5f      0x103 ./Drivers/Src/exti.o
 .debug_macro   0x00000e62       0x6a ./Drivers/Src/exti.o
 .debug_macro   0x00000ecc      0x1df ./Drivers/Src/exti.o
 .debug_macro   0x000010ab       0x64 ./Drivers/Src/exti.o
 .debug_macro   0x0000110f       0x16 ./Drivers/Src/exti.o
 .debug_macro   0x00001125       0x61 ./Drivers/Src/exti.o
 .debug_macro   0x00001186       0x2a ./Drivers/Src/exti.o
 .debug_macro   0x000011b0       0x43 ./Drivers/Src/exti.o
 .debug_macro   0x000011f3       0x34 ./Drivers/Src/exti.o
 .debug_macro   0x00001227       0x16 ./Drivers/Src/exti.o
 .debug_macro   0x0000123d       0x9e ./Drivers/Src/exti.o
 .debug_macro   0x000012db      0x370 ./Drivers/Src/exti.o
 .debug_macro   0x0000164b      0x112 ./Drivers/Src/exti.o
 .debug_macro   0x0000175d       0x10 ./Drivers/Src/exti.o
 .debug_macro   0x0000176d       0x16 ./Drivers/Src/exti.o
 .debug_macro   0x00001783       0x4a ./Drivers/Src/exti.o
 .debug_macro   0x000017cd       0x34 ./Drivers/Src/exti.o
 .debug_macro   0x00001801       0x10 ./Drivers/Src/exti.o
 .debug_macro   0x00001811       0x58 ./Drivers/Src/exti.o
 .debug_macro   0x00001869       0x8e ./Drivers/Src/exti.o
 .debug_macro   0x000018f7       0x1c ./Drivers/Src/exti.o
 .debug_macro   0x00001913      0x185 ./Drivers/Src/exti.o
 .debug_macro   0x00001a98       0x16 ./Drivers/Src/exti.o
 .debug_macro   0x00001aae       0x16 ./Drivers/Src/exti.o
 .debug_macro   0x00001ac4      0x146 ./Drivers/Src/exti.o
 .debug_macro   0x00001c0a      0x130 ./Drivers/Src/exti.o
 .debug_macro   0x00001d3a       0xa6 ./Drivers/Src/exti.o
 .debug_macro   0x00001de0      0x167 ./Drivers/Src/gpio.o
 .debug_macro   0x00001f47      0x1e3 ./Drivers/Src/lis3dsh.o
 .debug_macro   0x0000212a       0x58 ./Drivers/Src/lis3dsh.o
 .debug_macro   0x00002182      0x112 ./Drivers/Src/lis3dsh.o
 .debug_macro   0x00002294       0xac ./Drivers/Src/lis3dsh.o
 .debug_macro   0x00002340       0x6a ./Drivers/Src/lis3dsh.o
 .debug_macro   0x000023aa       0x16 ./Drivers/Src/lis3dsh.o
 .debug_macro   0x000023c0       0x3c ./Drivers/Src/lis3dsh.o
 .debug_macro   0x000023fc       0x20 ./Drivers/Src/lis3dsh.o
 .debug_macro   0x0000241c       0x81 ./Drivers/Src/rcc.o
 .debug_macro   0x0000249d       0x10 ./Drivers/Src/rcc.o
 .debug_macro   0x000024ad      0x176 ./Drivers/Src/spi.o
 .debug_macro   0x00002623       0x8a ./Drivers/Src/usart.o
 .debug_macro   0x000026ad      0x10c ./Drivers/Src/usart.o
 .debug_macro   0x000027b9      0x1e5 ./Src/lis3dsh_test.o
 .debug_macro   0x0000299e      0x112 ./Src/sysmem.o
 .debug_macro   0x00002ab0      0x23c ./Src/sysmem.o

.debug_line     0x00000000     0x3b50
 .debug_line    0x00000000      0x88b ./Drivers/Src/exti.o
 .debug_line    0x0000088b      0x769 ./Drivers/Src/gpio.o
 .debug_line    0x00000ff4      0x909 ./Drivers/Src/lis3dsh.o
 .debug_line    0x000018fd      0x628 ./Drivers/Src/rcc.o
 .debug_line    0x00001f25      0x7db ./Drivers/Src/spi.o
 .debug_line    0x00002700      0x7ac ./Drivers/Src/usart.o
 .debug_line    0x00002eac      0x6a6 ./Src/lis3dsh_test.o
 .debug_line    0x00003552      0x583 ./Src/sysmem.o
 .debug_line    0x00003ad5       0x7b ./Startup/startup_stm32f407vgtx.o

.debug_str      0x00000000     0x9b75
 .debug_str     0x00000000     0x9b75 ./Drivers/Src/exti.o
                               0x85a2 (size before relaxing)
 .debug_str     0x00009b75     0x80c3 ./Drivers/Src/gpio.o
 .debug_str     0x00009b75     0x935d ./Drivers/Src/lis3dsh.o
 .debug_str     0x00009b75     0x4384 ./Drivers/Src/rcc.o
 .debug_str     0x00009b75     0x81ab ./Drivers/Src/spi.o
 .debug_str     0x00009b75     0x466b ./Drivers/Src/usart.o
 .debug_str     0x00009b75     0x8e2e ./Src/lis3dsh_test.o
 .debug_str     0x00009b75     0x7798 ./Src/sysmem.o
 .debug_str     0x00009b75       0x84 ./Startup/startup_stm32f407vgtx.o

.comment        0x00000000       0x43
 .comment       0x00000000       0x43 ./Drivers/Src/exti.o
                                 0x44 (size before relaxing)
 .comment       0x00000043       0x44 ./Drivers/Src/gpio.o
 .comment       0x00000043       0x44 ./Drivers/Src/lis3dsh.o
 .comment       0x00000043       0x44 ./Drivers/Src/rcc.o
 .comment       0x00000043       0x44 ./Drivers/Src/spi.o
 .comment       0x00000043       0x44 ./Drivers/Src/usart.o
 .comment       0x00000043       0x44 ./Src/lis3dsh_test.o
 .comment       0x00000043       0x44 ./Src/sysmem.o

.debug_frame    0x00000000      0xd30
 .debug_frame   0x00000000       0xd8 ./Drivers/Src/exti.o
 .debug_frame   0x000000d8       0xb0 ./Drivers/Src/gpio.o
 .debug_frame   0x00000188      0x1f8 ./Drivers/Src/lis3dsh.o
 .debug_frame   0x00000380      0x18c ./Drivers/Src/rcc.o
 .debug_frame   0x0000050c       0xfc ./Drivers/Src/spi.o
 .debug_frame   0x00000608      0x13c ./Drivers/Src/usart.o
 .debug_frame   0x00000744       0x4c ./Src/lis3dsh_test.o
 .debug_frame   0x00000790       0x34 ./Src/sysmem.o
 .debug_frame   0x000007c4      0x144 C:/ST/STM32CubeIDE_1.18.1/STM32CubeIDE/plugins/com.st.stm32cube.ide.mcu.externaltools.gnu-tools-for-stm32.13.3.rel1.win32_1.0.0.202411081344/tools/bin/../lib/gcc/arm-none-eabi/13.3.1/../../../../arm-none-eabi/lib/thumb/v7e-m+fp/hard\libc_nano.a(libc_a-findfp.o)
 .debug_frame   0x00000908       0x74 C:/ST/STM32CubeIDE_1.18.1/STM32CubeIDE/plugins/com.st.stm32cube.ide.mcu.externaltools.gnu-tools-for-stm32.13.3.rel1.win32_1.0.0.202411081344/tools/bin/../lib/gcc/arm-none-eabi/13.3.1/../../../../arm-none-eabi/lib/thumb/v7e-m+fp/hard\libc_nano.a(libc_a-sprintf.o)
 .debug_frame   0x0000097c       0x38 C:/ST/STM32CubeIDE_1.18.1/STM32CubeIDE/plugins/com.st.stm32cube.ide.mcu.externaltools.gnu-tools-for-stm32.13.3.rel1.win32_1.0.0.202411081344/tools/bin/../lib/gcc/arm-none-eabi/13.3.1/../../../../arm-none-eabi/lib/thumb/v7e-m+fp/hard\libc_nano.a(libc_a-reent.o)
 .debug_frame   0x000009b4       0x20 C:/ST/STM32CubeIDE_1.18.1/STM32CubeIDE/plugins/com.st.stm32cube.ide.mcu.externaltools.gnu-tools-for-stm32.13.3.rel1.win32_1.0.0.202411081344/tools/bin/../lib/gcc/arm-none-eabi/13.3.1/../../../../arm-none-eabi/lib/thumb/v7e-m+fp/hard\libc_nano.a(libc_a-errno.o)
 .debug_frame   0x000009d4       0x2c C:/ST/STM32CubeIDE_1.18.1/STM32CubeIDE/plugins/com.st.stm32cube.ide.mcu.externaltools.gnu-tools-for-stm32.13.3.rel1.win32_1.0.0.202411081344/tools/bin/../lib/gcc/arm-none-eabi/13.3.1/../../../../arm-none-eabi/lib/thumb/v7e-m+fp/hard\libc_nano.a(libc_a-init.o)
 .debug_frame   0x00000a00       0xb0 C:/ST/STM32CubeIDE_1.18.1/STM32CubeIDE/plugins/com.st.stm32cube.ide.mcu.externaltools.gnu-tools-for-stm32.13.3.rel1.win32_1.0.0.202411081344/tools/bin/../lib/gcc/arm-none-eabi/13.3.1/../../../../arm-none-eabi/lib/thumb/v7e-m+fp/hard\libc_nano.a(libc_a-lock.o)
 .debug_frame   0x00000ab0       0x38 C:/ST/STM32CubeIDE_1.18.1/STM32CubeIDE/plugins/com.st.stm32cube.ide.mcu.externaltools.gnu-tools-for-stm32.13.3.rel1.win32_1.0.0.202411081344/tools/bin/../lib/gcc/arm-none-eabi/13.3.1/../../../../arm-none-eabi/lib/thumb/v7e-m+fp/hard\libc_nano.a(libc_a-freer.o)
 .debug_frame   0x00000ae8       0x50 C:/ST/STM32CubeIDE_1.18.1/STM32CubeIDE/plugins/com.st.stm32cube.ide.mcu.externaltools.gnu-tools-for-stm32.13.3.rel1.win32_1.0.0.202411081344/tools/bin/../lib/gcc/arm-none-eabi/13.3.1/../../../../arm-none-eabi/lib/thumb/v7e-m+fp/hard\libc_nano.a(libc_a-mallocr.o)
 .debug_frame   0x00000b38       0x30 C:/ST/STM32CubeIDE_1.18.1/STM32CubeIDE/plugins/com.st.stm32cube.ide.mcu.externaltools.gnu-tools-for-stm32.13.3.rel1.win32_1.0.0.202411081344/tools/bin/../lib/gcc/arm-none-eabi/13.3.1/../../../../arm-none-eabi/lib/thumb/v7e-m+fp/hard\libc_nano.a(libc_a-mlock.o)
 .debug_frame   0x00000b68       0x90 C:/ST/STM32CubeIDE_1.18.1/STM32CubeIDE/plugins/com.st.stm32cube.ide.mcu.externaltools.gnu-tools-for-stm32.13.3.rel1.win32_1.0.0.202411081344/tools/bin/../lib/gcc/arm-none-eabi/13.3.1/../../../../arm-none-eabi/lib/thumb/v7e-m+fp/hard\libc_nano.a(libc_a-nano-svfprintf.o)
 .debug_frame   0x00000bf8       0x60 C:/ST/STM32CubeIDE_1.18.1/STM32CubeIDE/plugins/com.st.stm32cube.ide.mcu.externaltools.gnu-tools-for-stm32.13.3.rel1.win32_1.0.0.202411081344/tools/bin/../lib/gcc/arm-none-eabi/13.3.1/../../../../arm-none-eabi/lib/thumb/v7e-m+fp/hard\libc_nano.a(libc_a-nano-vfprintf_i.o)
 .debug_frame   0x00000c58       0x28 C:/ST/STM32CubeIDE_1.18.1/STM32CubeIDE/plugins/com.st.stm32cube.ide.mcu.externaltools.gnu-tools-for-stm32.13.3.rel1.win32_1.0.0.202411081344/tools/bin/../lib/gcc/arm-none-eabi/13.3.1/../../../../arm-none-eabi/lib/thumb/v7e-m+fp/hard\libc_nano.a(libc_a-memmove.o)
 .debug_frame   0x00000c80       0x2c C:/ST/STM32CubeIDE_1.18.1/STM32CubeIDE/plugins/com.st.stm32cube.ide.mcu.externaltools.gnu-tools-for-stm32.13.3.rel1.win32_1.0.0.202411081344/tools/bin/../lib/gcc/arm-none-eabi/13.3.1/../../../../arm-none-eabi/lib/thumb/v7e-m+fp/hard\libc_nano.a(libc_a-sbrkr.o)
 .debug_frame   0x00000cac       0x28 C:/ST/STM32CubeIDE_1.18.1/STM32CubeIDE/plugins/com.st.stm32cube.ide.mcu.externaltools.gnu-tools-for-stm32.13.3.rel1.win32_1.0.0.202411081344/tools/bin/../lib/gcc/arm-none-eabi/13.3.1/../../../../arm-none-eabi/lib/thumb/v7e-m+fp/hard\libc_nano.a(libc_a-memcpy-stub.o)
 .debug_frame   0x00000cd4       0x3c C:/ST/STM32CubeIDE_1.18.1/STM32CubeIDE/plugins/com.st.stm32cube.ide.mcu.externaltools.gnu-tools-for-stm32.13.3.rel1.win32_1.0.0.202411081344/tools/bin/../lib/gcc/arm-none-eabi/13.3.1/../../../../arm-none-eabi/lib/thumb/v7e-m+fp/hard\libc_nano.a(libc_a-reallocr.o)
 .debug_frame   0x00000d10       0x20 C:/ST/STM32CubeIDE_1.18.1/STM32CubeIDE/plugins/com.st.stm32cube.ide.mcu.externaltools.gnu-tools-for-stm32.13.3.rel1.win32_1.0.0.202411081344/tools/bin/../lib/gcc/arm-none-eabi/13.3.1/../../../../arm-none-eabi/lib/thumb/v7e-m+fp/hard\libc_nano.a(libc_a-msizer.o)

.debug_line_str
                0x00000000       0x68
 .debug_line_str
                0x00000000       0x68 ./Startup/startup_stm32f407vgtx.o
