../Drivers/Src/lis3dsh.c:40:13:SPI_GPIOInit	32	static
../Drivers/Src/lis3dsh.c:56:13:SPI1_Init	16	static
../Drivers/Src/lis3dsh.c:74:13:lis3dsh_CommEnable	24	static
../Drivers/Src/lis3dsh.c:96:13:lis3dsh_CSS_Enable	4	static
../Drivers/Src/lis3dsh.c:102:13:lis3dsh_CSS_Disable	4	static
../Drivers/Src/lis3dsh.c:108:6:lis3dsh_Read_WHO_AM_I	16	static
../Drivers/Src/lis3dsh.c:130:9:lis3dsh_Read_Reg	24	static
../Drivers/Src/lis3dsh.c:149:6:lis3dsh_Write_Reg	24	static
../Drivers/Src/lis3dsh.c:165:13:lis3dsh_USART_GpioInit	24	static
../Drivers/Src/lis3dsh.c:181:13:lis3dsh_Display_USARTInit	16	static
../Drivers/Src/lis3dsh.c:201:6:lis3dsh_Init	16	static
../Drivers/Src/lis3dsh.c:238:6:lis3dsh_LED_Init	8	static
../Drivers/Src/lis3dsh.c:315:6:lis3dsh_Read_XYZ	24	static
../Drivers/Src/lis3dsh.c:378:6:lis3dsh_INT1_Init	32	static
