../Drivers/Src/lis3dsh.c:36:13:SPI_GPIOInit	32	static
../Drivers/Src/lis3dsh.c:52:13:SPI1_Init	16	static
../Drivers/Src/lis3dsh.c:70:13:lis3dsh_CommEnable	24	static
../Drivers/Src/lis3dsh.c:92:13:lis3dsh_CSS_Enable	4	static
../Drivers/Src/lis3dsh.c:98:13:lis3dsh_CSS_Disable	4	static
../Drivers/Src/lis3dsh.c:104:6:lis3dsh_Read_WHO_AM_I	16	static
../Drivers/Src/lis3dsh.c:126:9:lis3dsh_Read_Reg	24	static
../Drivers/Src/lis3dsh.c:145:6:lis3dsh_Write_Reg	24	static
../Drivers/Src/lis3dsh.c:161:13:lis3dsh_USART_GpioInit	24	static
../Drivers/Src/lis3dsh.c:177:13:lis3dsh_Display_USARTInit	16	static
../Drivers/Src/lis3dsh.c:197:6:lis3dsh_Init	8	static
../Drivers/Src/lis3dsh.c:219:6:lis3dsh_LED_Init	8	static
../Drivers/Src/lis3dsh.c:259:13:lis3dsh_Green_ON	8	static
../Drivers/Src/lis3dsh.c:268:13:lis3dsh_Blue_ON	8	static
../Drivers/Src/lis3dsh.c:277:13:lis3dsh_Orange_ON	8	static
../Drivers/Src/lis3dsh.c:286:13:lis3dsh_Red_ON	8	static
../Drivers/Src/lis3dsh.c:296:6:lis3dsh_Read_XYZ	240	static
../Drivers/Src/lis3dsh.c:347:6:lis3dsh_INT1_Init	32	static
../Drivers/Src/lis3dsh.c:374:6:EXTI0_IRQHandler	8	static
